type var =
  | Hello 
  | World of string [@@deriving yaml]
include
  struct
    let var_to_yaml =
      function
      | Hello ->
          Ppx_deriving_yaml_runtime.obj
            [("Hello", (Ppx_deriving_yaml_runtime.list []))]
      | World arg0 ->
          Ppx_deriving_yaml_runtime.obj
            [("World",
               (Ppx_deriving_yaml_runtime.list
                  [((fun (x : string) -> Ppx_deriving_yaml_runtime.string x))
                     arg0]))]
    let var_of_yaml =
      let (>>=) v f = match v with | Ok v -> f v | Error _ as e -> e[@@warning
                                                                    "-26"] in
      function
      | `O (("Hello", `A [])::[]) -> Stdlib.Result.Ok Hello
      | `O (("World", `A (arg0::[]))::[]) ->
          ((function
            | `String x -> Ok x
            | _ ->
                Error
                  (`Msg "Was expecting 'string' but got a different type"))
             arg0)
            >>= ((fun arg0 -> Stdlib.Result.Ok (World arg0)))
      | _ -> Stdlib.Error (`Msg "no match for this variant expression")
  end[@@ocaml.doc "@inline"][@@merlin.hide ]
type poly_var = [ `Hello  | `World of string ][@@deriving yaml]
include
  struct
    let poly_var_to_yaml =
      function
      | `Hello ->
          Ppx_deriving_yaml_runtime.obj
            [("Hello", (Ppx_deriving_yaml_runtime.list []))]
      | `World x ->
          ((fun (x : string) -> Ppx_deriving_yaml_runtime.string x) x) |>
            ((fun x ->
                Ppx_deriving_yaml_runtime.obj
                  [("World", (Ppx_deriving_yaml_runtime.list [x]))]))
    let poly_var_of_yaml =
      let (>>=) v f = match v with | Ok v -> f v | Error _ as e -> e[@@warning
                                                                    "-26"] in
      function
      | `O (("Hello", `A [])::[]) -> Stdlib.Result.Ok `Hello
      | `O (("World", `A (x::[]))::[]) ->
          ((function
            | `String x -> Ok x
            | _ ->
                Error
                  (`Msg "Was expecting 'string' but got a different type")) x)
            >>= ((fun x -> Stdlib.Result.Ok (`World x)))
      | _ -> Error (`Msg "failed converting variant")
  end[@@ocaml.doc "@inline"][@@merlin.hide ]
type a = {
  x: [ `Simple  | `Example ] }[@@deriving yaml]
include
  struct
    let a_to_yaml (x : a) =
      Ppx_deriving_yaml_runtime.obj
        (Stdlib.List.filter_map (fun x -> x)
           [Some
              ("x",
                (((function
                   | `Simple ->
                       Ppx_deriving_yaml_runtime.obj
                         [("Simple", (Ppx_deriving_yaml_runtime.list []))]
                   | `Example ->
                       Ppx_deriving_yaml_runtime.obj
                         [("Example", (Ppx_deriving_yaml_runtime.list []))]))
                   x.x))])
    let a_of_yaml =
      let (>>=) v f = match v with | Ok v -> f v | Error _ as e -> e[@@warning
                                                                    "-26"] in
      function
      | `O xs ->
          let rec loop xs (arg0 as _state) =
            ((match xs with
              | ("x", x)::xs ->
                  loop xs
                    ((let (>>=) v f =
                        match v with | Ok v -> f v | Error _ as e -> e
                        [@@warning "-26"] in
                      function
                      | `O (("Simple", `A [])::[]) ->
                          Stdlib.Result.Ok `Simple
                      | `O (("Example", `A [])::[]) ->
                          Stdlib.Result.Ok `Example
                      | _ -> Error (`Msg "failed converting variant")) x)
              | [] -> arg0 >>= ((fun arg0 -> Ok { x = arg0 }))
              | (x, _)::_ ->
                  Error (`Msg ("Failed to find the case for: " ^ x))
              | _ -> Error (`Msg "Malformed key-value pairs"))
            [@warning "-11"]) in
          loop xs (Error (`Msg "Didn't find the function for key: x"))
      | _ ->
          Error (`Msg "Failed building a key-value object expecting a list")
  end[@@ocaml.doc "@inline"][@@merlin.hide ]
type t = {
  name: string ;
  age: int option }[@@deriving yaml]
include
  struct
    let to_yaml (x : t) =
      Ppx_deriving_yaml_runtime.obj
        (Stdlib.List.filter_map (fun x -> x)
           [Some
              ("name",
                (((fun (x : string) -> Ppx_deriving_yaml_runtime.string x))
                   x.name));
           Some
             ("age",
               (((function
                  | None -> Ppx_deriving_yaml_runtime.null
                  | Some t ->
                      ((fun (x : int) -> Ppx_deriving_yaml_runtime.int x)) t))
                  x.age))])
    let of_yaml =
      let (>>=) v f = match v with | Ok v -> f v | Error _ as e -> e[@@warning
                                                                    "-26"] in
      function
      | `O xs ->
          let rec loop xs ((arg0, arg1) as _state) =
            ((match xs with
              | ("name", x)::xs ->
                  loop xs
                    (((function
                       | `String x -> Ok x
                       | _ ->
                           Error
                             (`Msg
                                "Was expecting 'string' but got a different type"))
                        x), arg1)
              | ("age", x)::xs ->
                  loop xs
                    (arg0,
                      ((function
                        | `Null -> Ok None
                        | x ->
                            ((function
                              | `Float x ->
                                  Ok (Ppx_deriving_yaml_runtime.of_integer x)
                              | _ ->
                                  Error
                                    (`Msg
                                       "Was expecting 'int' but got a different type"))
                               x)
                              >>= ((fun x -> Ok (Some x)))) x))
              | [] ->
                  arg1 >>=
                    ((fun arg1 ->
                        arg0 >>= (fun arg0 -> Ok { name = arg0; age = arg1 })))
              | (x, _)::_ ->
                  Error (`Msg ("Failed to find the case for: " ^ x))
              | _ -> Error (`Msg "Malformed key-value pairs"))
            [@warning "-11"]) in
          loop xs
            ((Error (`Msg "Didn't find the function for key: name")),
              (Ok None))
      | _ ->
          Error (`Msg "Failed building a key-value object expecting a list")
  end[@@ocaml.doc "@inline"][@@merlin.hide ]
type u = {
  name: string [@default "Una"]}[@@deriving to_yaml]
include
  struct
    let u_to_yaml (x : u) =
      Ppx_deriving_yaml_runtime.obj
        (Stdlib.List.filter_map (fun x -> x)
           [((fun x ->
                if Stdlib.(=) x "Una"
                then None
                else
                  Some
                    ("name",
                      (((fun (x : string) ->
                           Ppx_deriving_yaml_runtime.string x)) x)))) 
              x.name])
  end[@@ocaml.doc "@inline"][@@merlin.hide ]
type v = {
  age: int [@key "AGE"][@default 10]}[@@deriving of_yaml]
include
  struct
    let v_of_yaml =
      let (>>=) v f = match v with | Ok v -> f v | Error _ as e -> e[@@warning
                                                                    "-26"] in
      function
      | `O xs ->
          let rec loop xs (arg0 as _state) =
            ((match xs with
              | ("AGE", x)::xs ->
                  loop xs
                    ((function
                      | `Float x ->
                          Ok (Ppx_deriving_yaml_runtime.of_integer x)
                      | _ ->
                          Error
                            (`Msg
                               "Was expecting 'int' but got a different type"))
                       x)
              | [] -> arg0 >>= ((fun arg0 -> Ok { age = arg0 }))
              | (x, _)::_ ->
                  Error (`Msg ("Failed to find the case for: " ^ x))
              | _ -> Error (`Msg "Malformed key-value pairs"))
            [@warning "-11"]) in
          loop xs (Ok 10)
      | _ ->
          Error (`Msg "Failed building a key-value object expecting a list")
  end[@@ocaml.doc "@inline"][@@merlin.hide ]
type w = {
  age: int [@to_yaml fun i -> `Float (float_of_int (i - 10))]}[@@deriving
                                                                yaml]
include
  struct
    let w_to_yaml (x : w) =
      Ppx_deriving_yaml_runtime.obj
        (Stdlib.List.filter_map (fun x -> x)
           [Some ("age", (((fun i -> `Float (float_of_int (i - 10)))) x.age))])
    let w_of_yaml =
      let (>>=) v f = match v with | Ok v -> f v | Error _ as e -> e[@@warning
                                                                    "-26"] in
      function
      | `O xs ->
          let rec loop xs (arg0 as _state) =
            ((match xs with
              | ("age", x)::xs ->
                  loop xs
                    ((function
                      | `Float x ->
                          Ok (Ppx_deriving_yaml_runtime.of_integer x)
                      | _ ->
                          Error
                            (`Msg
                               "Was expecting 'int' but got a different type"))
                       x)
              | [] -> arg0 >>= ((fun arg0 -> Ok { age = arg0 }))
              | (x, _)::_ ->
                  Error (`Msg ("Failed to find the case for: " ^ x))
              | _ -> Error (`Msg "Malformed key-value pairs"))
            [@warning "-11"]) in
          loop xs (Error (`Msg "Didn't find the function for key: age"))
      | _ ->
          Error (`Msg "Failed building a key-value object expecting a list")
  end[@@ocaml.doc "@inline"][@@merlin.hide ]
type x =
  {
  age: int
    [@of_yaml
      function
      | `Float f -> Ok (int_of_float (f +. 10.))
      | _ -> Error (`Msg "Expected a Yaml `Float")]}[@@deriving yaml]
include
  struct
    let x_to_yaml (x : x) =
      Ppx_deriving_yaml_runtime.obj
        (Stdlib.List.filter_map (fun x -> x)
           [Some
              ("age",
                (((fun (x : int) -> Ppx_deriving_yaml_runtime.int x)) x.age))])
    let x_of_yaml =
      let (>>=) v f = match v with | Ok v -> f v | Error _ as e -> e[@@warning
                                                                    "-26"] in
      function
      | `O xs ->
          let rec loop xs (arg0 as _state) =
            ((match xs with
              | ("age", x)::xs ->
                  loop xs
                    ((function
                      | `Float f -> Ok (int_of_float (f +. 10.))
                      | _ -> Error (`Msg "Expected a Yaml `Float")) x)
              | [] -> arg0 >>= ((fun arg0 -> Ok { age = arg0 }))
              | (x, _)::_ ->
                  Error (`Msg ("Failed to find the case for: " ^ x))
              | _ -> Error (`Msg "Malformed key-value pairs"))
            [@warning "-11"]) in
          loop xs (Error (`Msg "Didn't find the function for key: age"))
      | _ ->
          Error (`Msg "Failed building a key-value object expecting a list")
  end[@@ocaml.doc "@inline"][@@merlin.hide ]
type arr = int array[@@deriving yaml]
include
  struct
    let arr_to_yaml x =
      Ppx_deriving_yaml_runtime.list
        (Array.to_list
           (Array.map (fun (x : int) -> Ppx_deriving_yaml_runtime.int x) x))
    let arr_of_yaml =
      function
      | `A lst ->
          let (>>=) v f = match v with | Ok v -> f v | Error _ as e -> e in
          ((fun f lst ->
              (Stdlib.List.fold_left
                 (fun acc x ->
                    match acc with
                    | Stdlib.Ok acc ->
                        (f x) >>= ((fun x -> Stdlib.Ok (x :: acc)))
                    | Stdlib.Error e -> Stdlib.Error e) (Stdlib.Ok []) lst)
                >>= (fun lst -> Stdlib.Ok (Stdlib.List.rev lst)))
             (function
              | `Float x -> Ok (Ppx_deriving_yaml_runtime.of_integer x)
              | _ ->
                  Error (`Msg "Was expecting 'int' but got a different type"))
             lst)
            >>= ((fun lst -> Ok (Array.of_list lst)))
      | _ -> Error (`Msg "Was expecting 'array' but got a different type")
  end[@@ocaml.doc "@inline"][@@merlin.hide ]
